// Jest Snapshot v1, https://jestjs.io/docs/snapshot-testing

exports[`get-connection should return a connection by id with secret settings redacted 1`] = `
{
  "content": [],
  "structuredContent": {
    "alias": "_test_get_connection",
    "dateCreated": "NORMALIZED_DATE",
    "dateModified": "NORMALIZED_DATE",
    "id": "00000000-0000-0000-0000-000000000000",
    "name": "_Test Get Connection",
    "settings": {
      "apiKey": "***REDACTED***",
      "baseUrl": "https://example.invalid",
    },
    "type": "http",
    "version": 1,
  },
}
`;
