// Jest Snapshot v1, https://jestjs.io/docs/snapshot-testing

exports[`get-version-history-entry should get a specific past version entry 1`] = `
{
  "content": [],
  "structuredContent": {
    "changeDescription": "Created",
    "createdByUserId": "00000000-0000-0000-0000-000000000000",
    "dateCreated": "NORMALIZED_DATE",
    "entityId": "00000000-0000-0000-0000-000000000000",
    "id": "00000000-0000-0000-0000-000000000000",
    "isPublished": false,
    "version": 1,
  },
}
`;
