// Jest Snapshot v1, https://jestjs.io/docs/snapshot-testing

exports[`create-workspace should create a workspace 1`] = `
{
  "content": [],
  "structuredContent": {
    "id": "00000000-0000-0000-0000-000000000000",
    "location": "<UMBRACO_BASE_URL>/umbraco/automate/management/api/v1/workspaces/00000000-0000-0000-0000-000000000000",
    "success": true,
  },
}
`;
