// Jest Snapshot v1, https://jestjs.io/docs/snapshot-testing

exports[`get-workspace should return workspace by id 1`] = `
{
  "content": [],
  "structuredContent": {
    "alias": "_testGetWorkspace",
    "allowedConnections": [],
    "dateCreated": "NORMALIZED_DATE",
    "dateModified": "NORMALIZED_DATE",
    "id": "00000000-0000-0000-0000-000000000000",
    "name": "_Test Get Workspace",
    "serviceAccountKey": "92bce462-d4b4-441f-9056-17f283f63cc8",
    "userGroups": [],
    "version": 1,
  },
}
`;
