// Jest Snapshot v1, https://jestjs.io/docs/snapshot-testing

exports[`create-automation should create a draft automation in a workspace 1`] = `
{
  "content": [],
  "structuredContent": {
    "id": "00000000-0000-0000-0000-000000000000",
    "message": "Automation "_Test Create Automation" created successfully",
  },
}
`;
