// Jest Snapshot v1, https://jestjs.io/docs/snapshot-testing

exports[`list-automations should list automations filtered by workspaceId 1`] = `
{
  "content": [],
  "structuredContent": {
    "items": [
      {
        "alias": "_test_list_automation",
        "dateCreated": "NORMALIZED_DATE",
        "dateModified": "NORMALIZED_DATE",
        "description": null,
        "groupId": null,
        "health": "Healthy",
        "id": "00000000-0000-0000-0000-000000000000",
        "name": "_Test List Automation",
        "publishedVersion": null,
        "status": "Draft",
        "triggerAlias": null,
        "version": 1,
        "workspaceId": "00000000-0000-0000-0000-000000000000",
      },
    ],
    "nextCursor": undefined,
    "total": 1,
  },
}
`;
