// Jest Snapshot v1, https://jestjs.io/docs/snapshot-testing

exports[`list-catalogue-control-flows should list available control-flow step definitions 1`] = `
{
  "content": [],
  "structuredContent": {
    "items": [
      {
        "alias": "umbracoAutomate.forEach",
        "connectionTypeAlias": null,
        "description": "Iterates over a collection, executing child steps for each item.",
        "group": "Control Flow",
        "hasDynamicOutputSchema": false,
        "icon": "icon-repeat",
        "name": "For Each",
        "outputSchema": null,
        "settingsSchema": {
          "fields": [
            {
              "defaultValue": "",
              "description": "A binding expression that resolves to the collection to iterate (e.g. \${trigger.items}).",
              "editorConfig": null,
              "editorUiAlias": "Umb.PropertyEditorUi.TextBox",
              "group": null,
              "isRequired": true,
              "isSensitive": false,
              "key": "collection",
              "label": "Collection",
              "sortOrder": 0,
              "supportsBindings": true,
            },
            {
              "defaultValue": false,
              "description": "When enabled, all iterations execute simultaneously instead of sequentially.",
              "editorConfig": null,
              "editorUiAlias": "Umb.PropertyEditorUi.Toggle",
              "group": null,
              "isRequired": false,
              "isSensitive": false,
              "key": "runParallel",
              "label": "Run in parallel",
              "sortOrder": 1,
              "supportsBindings": false,
            },
          ],
        },
        "type": "controlFlow",
      },
      {
        "alias": "umbracoAutomate.if",
        "connectionTypeAlias": null,
        "description": "Evaluates conditions and routes to the true or false branch.",
        "group": "Control Flow",
        "hasDynamicOutputSchema": false,
        "icon": "icon-split",
        "name": "If",
        "outputSchema": null,
        "settingsSchema": {
          "fields": [
            {
              "defaultValue": {
                "groups": [],
              },
              "description": "Define conditions to determine which branch to follow.",
              "editorConfig": null,
              "editorUiAlias": "UmbracoAutomate.PropertyEditorUi.ConditionBuilder",
              "group": null,
              "isRequired": true,
              "isSensitive": false,
              "key": "conditions",
              "label": "Conditions",
              "sortOrder": 0,
              "supportsBindings": true,
            },
          ],
        },
        "type": "controlFlow",
      },
      {
        "alias": "umbracoAutomate.parallel",
        "connectionTypeAlias": null,
        "description": "Executes all child branches simultaneously.",
        "group": "Control Flow",
        "hasDynamicOutputSchema": false,
        "icon": "icon-split-alt",
        "name": "Parallel",
        "outputSchema": null,
        "settingsSchema": null,
        "type": "controlFlow",
      },
      {
        "alias": "umbracoAutomate.switch",
        "connectionTypeAlias": null,
        "description": "Evaluates cases with conditions and routes to the first matching branch.",
        "group": "Control Flow",
        "hasDynamicOutputSchema": false,
        "icon": "icon-merge",
        "name": "Switch",
        "outputSchema": null,
        "settingsSchema": {
          "fields": [
            {
              "defaultValue": [],
              "description": "Define named cases with conditions. Cases are evaluated in order; the first match wins. A 'default' outcome is used when no case matches.",
              "editorConfig": null,
              "editorUiAlias": "UmbracoAutomate.PropertyEditorUi.SwitchCaseBuilder",
              "group": null,
              "isRequired": true,
              "isSensitive": false,
              "key": "cases",
              "label": "Cases",
              "sortOrder": 0,
              "supportsBindings": true,
            },
          ],
        },
        "type": "controlFlow",
      },
      {
        "alias": "umbracoAutomate.while",
        "connectionTypeAlias": null,
        "description": "Repeatedly executes child steps while conditions are met.",
        "group": "Control Flow",
        "hasDynamicOutputSchema": false,
        "icon": "icon-repeat",
        "name": "While",
        "outputSchema": null,
        "settingsSchema": {
          "fields": [
            {
              "defaultValue": {
                "groups": [],
              },
              "description": "Define conditions that must be true for the loop to continue.",
              "editorConfig": null,
              "editorUiAlias": "UmbracoAutomate.PropertyEditorUi.ConditionBuilder",
              "group": null,
              "isRequired": true,
              "isSensitive": false,
              "key": "conditions",
              "label": "Conditions",
              "sortOrder": 0,
              "supportsBindings": true,
            },
            {
              "defaultValue": 100,
              "description": "Maximum number of iterations to prevent infinite loops. Default is 100.",
              "editorConfig": null,
              "editorUiAlias": "Umb.PropertyEditorUi.Integer",
              "group": null,
              "isRequired": false,
              "isSensitive": false,
              "key": "maxIterations",
              "label": "Max iterations",
              "sortOrder": 1,
              "supportsBindings": false,
            },
          ],
        },
        "type": "controlFlow",
      },
    ],
  },
}
`;
