// Jest Snapshot v1, https://jestjs.io/docs/snapshot-testing

exports[`resolve-step-type-output-schema should resolve the output schema for a configured step 1`] = `
{
  "content": [],
  "structuredContent": {
    "properties": {
      "message": {
        "type": "string",
      },
    },
    "type": "object",
  },
}
`;
